[backblue.gif]
[fade.gif]
[index.html]
[peerlessadvisory.com/ico/apple-touch-icon-144-precomposed.png]
[peerlessadvisory.com/ico/apple-touch-icon-114-precomposed.png]
[peerlessadvisory.com/ico/apple-touch-icon-72-precomposed.png]
[peerlessadvisory.com/ico/favicon.png]
[peerlessadvisory.com/img/logo.png]
[peerlessadvisory.com/img/slides/nivo/bg-2.jpg]
[peerlessadvisory.com/img/slides/nivo/bg-3.jpg]
[peerlessadvisory.com/img/works/thumbs/image-01.jpg]
[peerlessadvisory.com/img/works/full/image-02-full.jpg]
[peerlessadvisory.com/img/works/thumbs/image-02.jpg]
[peerlessadvisory.com/img/works/full/image-03-full.jpg]
[peerlessadvisory.com/img/works/thumbs/image-03.jpg]
[peerlessadvisory.com/img/works/full/image-04-full.jpg]
[peerlessadvisory.com/img/works/thumbs/image-04.jpg]
[peerlessadvisory.com/img/dummies/clients/client1.png]
[peerlessadvisory.com/img/dummies/clients/client3.png]
[peerlessadvisory.com/img/dummies/clients/client5.png]
[peerlessadvisory.com/img/dummies/clients/client6.png]
[peerlessadvisory.com/img/dummies/clients/client7.png]
[peerlessadvisory.com/img/dummies/clients/client8.png]
[peerlessadvisory.com/js/jquery.js]
[peerlessadvisory.com/js/jquery.easing.1.3.js]
[peerlessadvisory.com/js/bootstrap.js]
[peerlessadvisory.com/js/jcarousel/jquery.jcarousel.min.js]
[peerlessadvisory.com/js/jquery.fancybox.pack.js]
[peerlessadvisory.com/js/jquery.fancybox-media.js]
[peerlessadvisory.com/js/jquery.flexslider.js]
[peerlessadvisory.com/js/jquery.nivo.slider.js]
[peerlessadvisory.com/js/modernizr.custom.js]
[peerlessadvisory.com/js/animate.js]
[peerlessadvisory.com/index.html]
[peerlessadvisory.com/css/bootstrap-responsive.css]
[peerlessadvisory.com/css/fancybox/fancybox_sprite.png]
[peerlessadvisory.com/css/fancybox/blank.gif]
[peerlessadvisory.com/css/fancybox/jquery.fancybox.css]
[peerlessadvisory.com/css/jcarousel.css]
[peerlessadvisory.com/css/flexslider.css]
[peerlessadvisory.com/img/nivo-bullets.png]
[peerlessadvisory.com/img/bodybg/bg1.png]
[peerlessadvisory.com/img/bodybg/bg2.png]
[peerlessadvisory.com/img/bodybg/bg3.jpg]
[peerlessadvisory.com/img/bodybg/bg5.png]
[peerlessadvisory.com/img/bodybg/bg6.png]
[peerlessadvisory.com/img/bodybg/bg8.jpg]
[peerlessadvisory.com/img/bodybg/bg10.png]
[peerlessadvisory.com/css/style.css]
[peerlessadvisory.com/skins/default.css]
[peerlessadvisory.com/index.html]
[peerlessadvisory.com/ico/apple-touch-icon-57-precomposed.png]
[peerlessadvisory.com/about.html]
[peerlessadvisory.com/img/dummies/testimonial-author1.png]
[peerlessadvisory.com/team.html]
[peerlessadvisory.com/img/dummies/blog/img1.jpg]
[peerlessadvisory.com/accounting.html]
[peerlessadvisory.com/img/dummies/blog/img3.jpg]
[peerlessadvisory.com/taxation.html]
[peerlessadvisory.com/img/dummies/blog/img2.jpg]
[peerlessadvisory.com/advisory.html]
[peerlessadvisory.com/clients.html]
[peerlessadvisory.com/contactform/contactform.js]
[peerlessadvisory.com/contact.html]
[peerlessadvisory.com/acconting.html]
[peerlessadvisory.com/img/slides/nivo/bg-1.jpg]
[peerlessadvisory.com/img/dummies/clients/client2.png]
[peerlessadvisory.com/img/dummies/clients/client4.png]
[peerlessadvisory.com/img/works/full/image-01-full.jpg]
[peerlessadvisory.com/services.html]
[peerlessadvisory.com/js/jquery.ba-cond.min.js]
[peerlessadvisory.com/js/portfolio/setting.js]
[peerlessadvisory.com/js/jquery.slitslider.js]
[peerlessadvisory.com/js/portfolio/jquery.quicksand.js]
[peerlessadvisory.com/js/custom.js]
[peerlessadvisory.com/img/glyphicons-halflings.png]
[peerlessadvisory.com/css/bootstrap.css]
[peerlessadvisory.com/js/google-code-prettify/prettify.css]
[peerlessadvisory.com/css/fancybox/fancybox_overlay.png]
[peerlessadvisory.com/font/customicon/Icons.eot]
[peerlessadvisory.com/font/customicon/Icons.woff]
[peerlessadvisory.com/font/customicon/Iconsd41d.eot]
[peerlessadvisory.com/css/custom-fonts.css]
[peerlessadvisory.com/css/overwrite.css]
[peerlessadvisory.com/img/bodybg/bg4.png]
[peerlessadvisory.com/img/bodybg/bg7.png]
[peerlessadvisory.com/img/bodybg/bg9.png]
[peerlessadvisory.com/bodybg/bg1.html]
[peerlessadvisory.com/img/dummies/blog/img4.jpg]
[peerlessadvisory.com/humancapital.html]
[peerlessadvisory.com/img/dummies/clients/client9.png]
[peerlessadvisory.com/js/google-code-prettify/prettify.js]
[peerlessadvisory.com/img/glyphicons-halflings-white.png]
[peerlessadvisory.com/css/fancybox/fancybox_loading.gif]
[peerlessadvisory.com/css/images/bg_direction_nav.png]
[peerlessadvisory.com/font/fontawesome/fontawesome-webfont3294.eot]
[peerlessadvisory.com/font/fontawesome/fontawesome-webfontd41d.eot]
[peerlessadvisory.com/font/fontawesome/fontawesome-webfont3294.woff]
[peerlessadvisory.com/font/fontawesome/fontawesome-webfont3294.ttf]
[peerlessadvisory.com/css/font-awesome.css]
[peerlessadvisory.com/font/customicon/Icons.ttf]
[peerlessadvisory.com/font/customicon/Icons.svg]
[peerlessadvisory.com/css/animate.css]
